electron/main/ipc.ts(113,23): error TS2304: Cannot find name 'personalizeMessage'.
electron/main/whatsapp/WhatsAppClient.ts(13,5): error TS2614: Module '"@whiskeysockets/baileys"' has no exported member 'makeInMemoryStore'. Did you mean to use 'import makeInMemoryStore from "@whiskeysockets/baileys"' instead?
electron/main/whatsapp/WhatsAppClient.ts(13,5): error TS6133: 'makeInMemoryStore' is declared but its value is never read.
electron/main/whatsapp/WhatsAppClient.ts(15,5): error TS6133: 'proto' is declared but its value is never read.
electron/main/whatsapp/WhatsAppClient.ts(16,5): error TS6133: 'isJidUser' is declared but its value is never read.
electron/main/whatsapp/WhatsAppClient.ts(17,5): error TS6133: 'jidNormalizedUser' is declared but its value is never read.
electron/main/whatsapp/WhatsAppClient.ts(237,19): error TS2488: Type '{ jid: string; exists: unknown; lid: unknown; }[] | undefined' must have a '[Symbol.iterator]()' method that returns an iterator.
