electron/main/ipc.ts(592,15): error TS2304: Cannot find name 'whatsAppService'.
electron/main/ipc.ts(602,13): error TS2304: Cannot find name 'whatsAppService'.
electron/main/whatsapp/WhatsAppClient.ts(92,17): error TS2353: Object literal may only specify known properties, and 'userDataPath' does not exist in type 'ChromiumPaths'.
